 Container mko-bazuna-test-db-1 Running 
 Container mko-bazuna-test-db-1 Waiting 
 Container mko-bazuna-test-db-1 Healthy 
 Container mko-bazuna-test-test-run-6b636b131e20 Creating 
 Container mko-bazuna-test-test-run-6b636b131e20 Created 
Fixing media volume permissions...
No REDIS_URL configured, skipping Redis wait
Compiling translations...
File “/app/src/backend/locale/bs/LC_MESSAGES/django.po” is already compiled and up to date.
File “/app/src/backend/locale/ru/LC_MESSAGES/django.po” is already compiled and up to date.
File “/app/src/backend/locale/en/LC_MESSAGES/django.po” is already compiled and up to date.
Running Django deploy checks...
System check identified some issues:

WARNINGS:
?: (security.W008) Your SECURE_SSL_REDIRECT setting is not set to True. Unless your site should be available over both SSL and non-SSL connections, you may want to either set this setting True or configure a load balancer or reverse-proxy server to redirect all connections to HTTPS.
?: (security.W009) Your SECRET_KEY has less than 50 characters, less than 5 unique characters, or it's prefixed with 'django-insecure-' indicating that it was generated automatically by Django. Please generate a long and random value, otherwise many of Django's security-critical features will be vulnerable to attack.
?: (security.W012) SESSION_COOKIE_SECURE is not set to True. Using a secure-only session cookie makes it more difficult for network traffic sniffers to hijack user sessions.
?: (security.W016) You have 'django.middleware.csrf.CsrfViewMiddleware' in your MIDDLEWARE, but you have not set CSRF_COOKIE_SECURE to True. Using a secure-only CSRF cookie makes it more difficult for network traffic sniffers to steal the CSRF token.
?: (security.W018) You should not have DEBUG set to True in deployment.
?: (security.W021) You have not set the SECURE_HSTS_PRELOAD setting to True. Without this, your site cannot be submitted to the browser preload list.

System check identified 6 issues (0 silenced).
Bytecode compiled 4129 files in 1.32s
Bytecode compiled 4129 files in 1.51s
Operations to perform:
  Synchronize unmigrated apps: admin, ads, analytics, auth, cabinet, categories, contenttypes, core, currencies, django_htmx, locations, lookups, media, messages, moderation, mptt, search, seed, sessions, staticfiles, tailwind, theme, trust, users
  Apply all migrations: (none)
Synchronizing apps without migrations:
  Creating tables...
    Running deferred SQL...
Running migrations:
  No migrations to apply.
Installed function ads_search_vector_fn
Installed function categories_name_propagate
Installed trigger ads_search_vector_update
Installed trigger on_category_name_update
Search-vector trigger infrastructure installed successfully
Updated EUR: rate_to_eur=1.0
Updated BAM: rate_to_eur=0.512
Updated RSD: rate_to_eur=0.0105
Exchange rates loaded: 0 created, 3 updated
Bootstrap reference data completed successfully
Running tests...
Bytecode compiled 4129 files in 1.09s
............................................................................................................................................................................................................................................................................................E
==================================== ERRORS ====================================
_ ERROR at setup of TestAdsPublishedMetric.test_ads_published_counts_only_published _

self = <django.db.backends.utils.CursorWrapper object at 0x7888a42945f0>
sql = 'INSERT INTO "ads" ("user_id", "title", "title_en", "title_bs", "description", "description_en", "description_bs", "or..., %s, %s, %s, %s, %s, %s, %s, %s, %s, %s, %s, %s, %s, %s, %s, %s, %s, %s, %s, %s, %s, %s, %s, %s) RETURNING "ads"."id"'
params = (281, 'Another Draft', None, None, 'Test description', None, ...)
ignored_wrapper_args = (False, {'connection': <DatabaseWrapper vendor='postgresql' alias='default'>, 'cursor': <django.db.backends.utils.CursorWrapper object at 0x7888a42945f0>})

    def _execute(self, sql, params, *ignored_wrapper_args):
        # Raise a warning during app initialization (stored_app_configs is only
        # ever set during testing).
        if not apps.ready and not apps.stored_app_configs:
            warnings.warn(self.APPS_NOT_READY_WARNING_MSG, category=RuntimeWarning)
        self.db.validate_no_broken_transaction()
        with self.db.wrap_database_errors:
            if params is None:
                # params default might be backend specific.
                return self.cursor.execute(sql)
            else:
>               return self.cursor.execute(sql, params)
                       ^^^^^^^^^^^^^^^^^^^^^^^^^^^^^^^^

/opt/venv/lib/python3.14/site-packages/django/db/backends/utils.py:105: 
_ _ _ _ _ _ _ _ _ _ _ _ _ _ _ _ _ _ _ _ _ _ _ _ _ _ _ _ _ _ _ _ _ _ _ _ _ _ _ _ 

self = <django.db.backends.postgresql.base.Cursor [closed] [INERROR] (host=db user=postgres database=test_mko_bazuna) at 0x7888a46acc90>
query = 'INSERT INTO "ads" ("user_id", "title", "title_en", "title_bs", "description", "description_en", "description_bs", "or..., %s, %s, %s, %s, %s, %s, %s, %s, %s, %s, %s, %s, %s, %s, %s, %s, %s, %s, %s, %s, %s, %s, %s, %s) RETURNING "ads"."id"'
params = (281, 'Another Draft', None, None, 'Test description', None, ...)
prepare = None, binary = None

    def execute(
        self,
        query: Query,
        params: Params | None = None,
        *,
        prepare: bool | None = None,
        binary: bool | None = None,
    ) -> Self:
        """
        Execute a query or command to the database.
        """
        try:
            with self._conn.lock:
                self._conn.wait(
                    self._execute_gen(query, params, prepare=prepare, binary=binary)
                )
        except e._NO_TRACEBACK as ex:
>           raise ex.with_traceback(None)
E           psycopg.errors.UniqueViolation: duplicate key value violates unique constraint "uq_ads_single_draft_per_user"
E           DETAIL:  Key (user_id)=(281) already exists.

/opt/venv/lib/python3.14/site-packages/psycopg/cursor.py:117: UniqueViolation

The above exception was the direct cause of the following exception:

seller = <User: User 281>, category = <Category: Транспорт>
city = <City: Тестград>

    @pytest.fixture
    def seller_ads(seller, category, city):
        """Create 3 published + 2 draft + 1 rejected ads for the seller."""
        for i in range(3):
            create_test_ad(
                seller, category, city, title=f"Published {i}", status=AdStatus.PUBLISHED
            )
        create_test_ad(seller, category, city, title="Draft Ad", status=AdStatus.DRAFT)
>       create_test_ad(seller, category, city, title="Another Draft", status=AdStatus.DRAFT)

src/backend/apps/analytics/tests/test_ads_published.py:44: 
_ _ _ _ _ _ _ _ _ _ _ _ _ _ _ _ _ _ _ _ _ _ _ _ _ _ _ _ _ _ _ _ _ _ _ _ _ _ _ _ 
src/backend/conftest.py:254: in create_test_ad
    return Ad.objects.create(**defaults)
           ^^^^^^^^^^^^^^^^^^^^^^^^^^^^^
/opt/venv/lib/python3.14/site-packages/django/db/models/manager.py:87: in manager_method
    return getattr(self.get_queryset(), name)(*args, **kwargs)
           ^^^^^^^^^^^^^^^^^^^^^^^^^^^^^^^^^^^^^^^^^^^^^^^^^^^
/opt/venv/lib/python3.14/site-packages/django/db/models/query.py:665: in create
    obj.save(force_insert=True, using=self.db)
/opt/venv/lib/python3.14/site-packages/django/db/models/base.py:902: in save
    self.save_base(
/opt/venv/lib/python3.14/site-packages/django/db/models/base.py:1008: in save_base
    updated = self._save_table(
/opt/venv/lib/python3.14/site-packages/django/db/models/base.py:1169: in _save_table
    results = self._do_insert(
/opt/venv/lib/python3.14/site-packages/django/db/models/base.py:1210: in _do_insert
    return manager._insert(
/opt/venv/lib/python3.14/site-packages/django/db/models/manager.py:87: in manager_method
    return getattr(self.get_queryset(), name)(*args, **kwargs)
           ^^^^^^^^^^^^^^^^^^^^^^^^^^^^^^^^^^^^^^^^^^^^^^^^^^^
/opt/venv/lib/python3.14/site-packages/django/db/models/query.py:1873: in _insert
    return query.get_compiler(using=using).execute_sql(returning_fields)
           ^^^^^^^^^^^^^^^^^^^^^^^^^^^^^^^^^^^^^^^^^^^^^^^^^^^^^^^^^^^^^
/opt/venv/lib/python3.14/site-packages/django/db/models/sql/compiler.py:1882: in execute_sql
    cursor.execute(sql, params)
/opt/venv/lib/python3.14/site-packages/django/db/backends/utils.py:79: in execute
    return self._execute_with_wrappers(
/opt/venv/lib/python3.14/site-packages/django/db/backends/utils.py:92: in _execute_with_wrappers
    return executor(sql, params, many, context)
           ^^^^^^^^^^^^^^^^^^^^^^^^^^^^^^^^^^^^
/opt/venv/lib/python3.14/site-packages/django/db/backends/utils.py:100: in _execute
    with self.db.wrap_database_errors:
         ^^^^^^^^^^^^^^^^^^^^^^^^^^^^
/opt/venv/lib/python3.14/site-packages/django/db/utils.py:91: in __exit__
    raise dj_exc_value.with_traceback(traceback) from exc_value
/opt/venv/lib/python3.14/site-packages/django/db/backends/utils.py:105: in _execute
    return self.cursor.execute(sql, params)
           ^^^^^^^^^^^^^^^^^^^^^^^^^^^^^^^^
_ _ _ _ _ _ _ _ _ _ _ _ _ _ _ _ _ _ _ _ _ _ _ _ _ _ _ _ _ _ _ _ _ _ _ _ _ _ _ _ 

self = <django.db.backends.postgresql.base.Cursor [closed] [INERROR] (host=db user=postgres database=test_mko_bazuna) at 0x7888a46acc90>
query = 'INSERT INTO "ads" ("user_id", "title", "title_en", "title_bs", "description", "description_en", "description_bs", "or..., %s, %s, %s, %s, %s, %s, %s, %s, %s, %s, %s, %s, %s, %s, %s, %s, %s, %s, %s, %s, %s, %s, %s, %s) RETURNING "ads"."id"'
params = (281, 'Another Draft', None, None, 'Test description', None, ...)
prepare = None, binary = None

    def execute(
        self,
        query: Query,
        params: Params | None = None,
        *,
        prepare: bool | None = None,
        binary: bool | None = None,
    ) -> Self:
        """
        Execute a query or command to the database.
        """
        try:
            with self._conn.lock:
                self._conn.wait(
                    self._execute_gen(query, params, prepare=prepare, binary=binary)
                )
        except e._NO_TRACEBACK as ex:
>           raise ex.with_traceback(None)
E           django.db.utils.IntegrityError: duplicate key value violates unique constraint "uq_ads_single_draft_per_user"
E           DETAIL:  Key (user_id)=(281) already exists.

/opt/venv/lib/python3.14/site-packages/psycopg/cursor.py:117: IntegrityError
=============================== warnings summary ===============================
src/backend/apps/users/tests/test_logout.py: 4 warnings
src/backend/apps/search/tests/test_search_view.py: 16 warnings
src/backend/apps/ads/tests/test_i18n_category_city.py: 5 warnings
src/backend/apps/cabinet/tests/test_favorites_badge.py: 3 warnings
src/backend/apps/analytics/tests/test_views.py: 22 warnings
src/backend/apps/core/tests/test_contact_rate_limit.py: 5 warnings
src/backend/apps/cabinet/tests/test_cabinet_sections.py: 6 warnings
src/backend/apps/ads/tests/test_edit.py: 12 warnings
  /opt/venv/lib/python3.14/site-packages/django/core/handlers/base.py:61: UserWarning: No directory at: /app/staticfiles/
    mw_instance = middleware(adapted_handler)

-- Docs: https://docs.pytest.org/en/stable/how-to/capture-warnings.html
=========================== short test summary info ============================
ERROR src/backend/apps/analytics/tests/test_ads_published.py::TestAdsPublishedMetric::test_ads_published_counts_only_published
!!!!!!!!!!!!!!!!!!!!!!!!!! stopping after 1 failures !!!!!!!!!!!!!!!!!!!!!!!!!!!

